============================= test session starts =============================
platform win32 -- Python 3.13.9, pytest-9.0.1, pluggy-1.6.0
rootdir: C:\Users\deepa\Desktop\SecuritiesResearchTool\SecuritiesResearchTool
configfile: pyproject.toml
plugins: anyio-4.12.0, cov-7.0.0
collected 0 items / 1 error

=================================== ERRORS ====================================
________________ ERROR collecting tests/test_data_providers.py ________________
ImportError while importing test module 'C:\Users\deepa\Desktop\SecuritiesResearchTool\SecuritiesResearchTool\tests\test_data_providers.py'.
Hint: make sure your test modules/packages have valid Python names.
Traceback:
C:\Program Files\WindowsApps\PythonSoftwareFoundation.Python.3.13_3.13.2544.0_x64__qbz5n2kfra8p0\Lib\importlib\__init__.py:88: in import_module
    return _bootstrap._gcd_import(name[level:], package, level)
           ^^^^^^^^^^^^^^^^^^^^^^^^^^^^^^^^^^^^^^^^^^^^^^^^^^^^
tests\test_data_providers.py:26: in <module>
    from backend.data_providers.yahoo_client import YahooFinanceProvider
backend\data_providers\yahoo_client.py:14: in <module>
    from backend.core.constants import (
E   ImportError: cannot import name 'YAHOO_RATE_LIMIT' from 'backend.core.constants' (C:\Users\deepa\Desktop\SecuritiesResearchTool\SecuritiesResearchTool\backend\core\constants.py)
=========================== short test summary info ===========================
ERROR tests/test_data_providers.py
!!!!!!!!!!!!!!!!!!! Interrupted: 1 error during collection !!!!!!!!!!!!!!!!!!!!
============================== 1 error in 0.72s ===============================
